
> react-kavia@0.1.0 start
> cross-env EDIT_MODE=true webpack serve --config .ve/webpack.config.js --mode development

<i> [webpack-dev-server] Project is running at:
<i> [webpack-dev-server] Loopback: http://localhost:3000/, http://[::1]:3000/
<i> [webpack-dev-server] On Your Network (IPv4): http://172.17.0.2:3000/
<i> [webpack-dev-server] Content not from webpack is served from './public' directory
Injecting EditorRootWrapper import: ../.ve/EditorRootWrapper
asset bundle.js 1.46 MiB [emitted] (name: main)
asset index.html 1.98 KiB [emitted]
runtime modules 27.5 KiB 14 modules
cacheable modules 1.31 MiB
  modules by path ./node_modules/ 1.24 MiB 31 modules
  modules by path ./src/ 55.7 KiB
    modules by path ./src/components/*.js 40.4 KiB 7 modules
    modules by path ./src/hooks/*.js 3.16 KiB 6 modules
    modules by path ./src/*.css 10.4 KiB 4 modules
    modules by path ./src/*.js 830 bytes 2 modules
    + 1 module
  modules by path ./.ve/ 15.1 KiB
    modules by path ./.ve/*.js 10.6 KiB 2 modules
    modules by path ./.ve/*.css 2.93 KiB 2 modules
    ./.ve/EditorOverlay.jsx 1.58 KiB [built] [code generated]
webpack 5.99.9 compiled successfully in 1429 ms
assets by status 1.98 KiB [cached] 1 asset
assets by path *.js 1.49 MiB
  asset bundle.js 1.47 MiB [emitted] (name: main)
  asset main.ebfb92fb97be12e85c95.hot-update.js 19 KiB [emitted] [immutable] [hmr] (name: main)
asset main.ebfb92fb97be12e85c95.hot-update.json 28 bytes [emitted] [immutable] [hmr]
Entrypoint main 1.49 MiB = bundle.js 1.47 MiB main.ebfb92fb97be12e85c95.hot-update.js 19 KiB
cached modules 1.3 MiB [cached] 55 modules
runtime modules 27.5 KiB 14 modules
javascript modules 13.1 KiB
  ./src/components/InteractionPanel.js 12.6 KiB [built] [code generated]
  ./src/hooks/useQuote.js 241 bytes [built] [code generated]
  ./src/hooks/useJoke.js 220 bytes [built] [code generated]
webpack 5.99.9 compiled successfully in 107 ms
